[2026-06-13T11:29:28.829Z] [INFO]: 🚀 Express server running on http://localhost:8000
[2026-06-13T12:12:43.159Z] [INFO]: 🚀 Express server running on http://localhost:8000
[2026-06-13T12:14:58.851Z] [INFO]: 🚀 Express server running on http://localhost:8000
[2026-06-13T12:18:19.143Z] [INFO]: 🚀 Express server running on http://localhost:8000
[2026-06-13T12:18:21.931Z] [INFO]: 🚀 Express server running on http://localhost:8000
[2026-06-13T12:35:09.348Z] [INFO]: 🚀 Express server running on http://localhost:8000
[2026-06-13T12:35:11.606Z] [INFO]: 🚀 Express server running on http://localhost:8000
[2026-06-13T12:59:37.881Z] [INFO]: 🚀 Express server running on http://localhost:8000
[2026-06-13T13:03:02.924Z] [INFO]: Test User memperbarui berita | Meta: {"actor":"Test User","method":"PUT","path":"/api/berita/1","ip":"127.0.0.1"}
[2026-06-13T13:03:06.422Z] [INFO]: 🚀 Express server running on http://localhost:8000
[2026-06-13T13:12:49.657Z] [INFO]: 🚀 Express server running on http://localhost:8000
[2026-06-13T13:13:35.346Z] [INFO]: 🚀 Express server running on http://localhost:8000
[2026-06-13T13:13:53.010Z] [INFO]: 🚀 Express server running on http://localhost:8000
[2026-06-13T13:14:04.906Z] [INFO]: 🚀 Express server running on http://localhost:8000
[2026-06-13T13:14:18.771Z] [INFO]: 🚀 Express server running on http://localhost:8000
[2026-06-13T13:14:26.549Z] [INFO]: 🚀 Express server running on http://localhost:8000
[2026-06-13T13:14:32.083Z] [INFO]: 🚀 Express server running on http://localhost:8000
[2026-06-13T13:15:07.391Z] [INFO]: 🚀 Express server running on http://localhost:8000
[2026-06-13T13:24:21.827Z] [INFO]: Admin HMTKBG membuat berita (id: e10a5966-8f6a-4779-9f0e-f67130f7eb9d) | Meta: {"actor":"Admin HMTKBG","method":"POST","path":"/api/berita","ip":"::1","resourceId":"e10a5966-8f6a-4779-9f0e-f67130f7eb9d"}
[2026-06-13T13:32:00.387Z] [INFO]: Admin HMTKBG menghapus berita (id: e10a5966-8f6a-4779-9f0e-f67130f7eb9d) | Meta: {"actor":"Admin HMTKBG","method":"DELETE","path":"/api/berita/e10a5966-8f6a-4779-9f0e-f67130f7eb9d","ip":"::1","resourceId":"e10a5966-8f6a-4779-9f0e-f67130f7eb9d"}
[2026-06-13T13:40:53.098Z] [INFO]: Admin HMTKBG membuat berita (id: 4f713668-11d7-4cb4-9762-d095551eb8cb) | Meta: {"actor":"Admin HMTKBG","method":"POST","path":"/api/berita","ip":"::1","resourceId":"4f713668-11d7-4cb4-9762-d095551eb8cb"}
[2026-06-13T13:44:28.177Z] [INFO]: Admin HMTKBG membuat berita (id: d3d2ee2b-68cf-4d33-a46e-3ab56f5670a4) | Meta: {"actor":"Admin HMTKBG","method":"POST","path":"/api/berita","ip":"::1","resourceId":"d3d2ee2b-68cf-4d33-a46e-3ab56f5670a4"}
[2026-06-13T13:49:40.269Z] [INFO]: Admin HMTKBG memperbarui berita (id: d3d2ee2b-68cf-4d33-a46e-3ab56f5670a4) | Meta: {"actor":"Admin HMTKBG","method":"PUT","path":"/api/berita/d3d2ee2b-68cf-4d33-a46e-3ab56f5670a4","ip":"::1","resourceId":"d3d2ee2b-68cf-4d33-a46e-3ab56f5670a4"}
